# some webradio streams
http://168.235.85.43:8000/Systrum-Channel1.m3u stream updated=0  
http://168.235.85.43:8000/Systrum-Channel2.m3u stream updated=0  
http://178.209.52.163:7331/maschinengeist.org.128.aacp stream updated=0  
http://198.24.145.146:9690/listen.pls?sid=1 stream updated=0  
http://198.24.145.146:9732/listen.pls?sid=1 stream updated=0  
http://198.245.60.88:8128/listen.pls?sid=1 stream updated=0  
http://83.240.65.107:8000/lloigor.m3u stream updated=0  
http://dir.xiph.org/listen/845526/listen.xspf stream updated=0  
http://liquiddoom.net:8000/lloigor stream updated=0  
http://s3.viastreaming.net:8835/listen.pls stream updated=0  
http://schizoid.in/schizoid-chill.pls stream updated=0  
http://schizoid.in/schizoid-dub.pls stream updated=0  
http://schizoid.in/schizoid-prog.pls stream updated=0  
http://schizoid.in/schizoid-psy.pls stream updated=0  
http://somafm.com/deepspaceone.pls stream updated=0  
http://somafm.com/defcon.pls stream updated=0  
http://somafm.com/digitalis.pls stream updated=0  
http://somafm.com/dronezone.pls stream updated=0  
http://somafm.com/dubstep.pls stream updated=0  
http://somafm.com/groovesalad.pls stream updated=0  
http://somafm.com/lush.pls stream updated=0  
http://somafm.com/metaldetector.pls stream updated=0  
http://somafm.com/missioncontrol.pls stream updated=0  
http://somafm.com/secretagent.pls stream updated=0  
http://somafm.com/spacestation.pls stream updated=0  
http://somafm.com/suburbsofgoa.pls stream updated=0  
http://somafm.com/thetrip.pls stream updated=0  
http://streams.echoesofbluemars.org:8000/bluemars.m3u stream updated=0  
http://streams.echoesofbluemars.org:8000/cryosleep.m3u stream updated=0  
http://streams.echoesofbluemars.org:8000/voicesfromwithin.m3u stream updated=0  
https://btxradio.mine.nu/classic/ stream updated=0  
https://btxradio.mine.nu/dark/ stream updated=0  
https://btxradio.mine.nu/prog/ stream updated=0  
https://btxradio.mine.nu/techno/ stream updated=0  
https://hirschmilch.de/chillout/listen.pls stream updated=0  
https://hirschmilch.de/electronic/listen.pls stream updated=0  
https://hirschmilch.de/prog-house/listen.pls stream updated=0  
https://hirschmilch.de/progressive/listen.pls stream updated=0  
https://hirschmilch.de/psytrance/listen.pls stream updated=0  

#some RSS feeds
http://feeds.spymuseum.org/spycast title=SPYCAST updated=1460453400
http://feeds.soundcloud.com/users/soundcloud:users:93913472/sounds.rss title=Hackaday\ Podcast updated=1568989806
http://www.groovelectric.com/groovelectric.xml title=GROOVELECTRIC:\ Downloadable\ Soul updated=1569049200
http://www.tatw.co.uk/podcast.xml title=Above\ &amp;\ Beyond:\ Group\ Therapy updated=1568963400
https://isc.sans.edu/dailypodcast.xml title=SANS\ Internet\ Stormcenter\ Daily\ Network/Cyber\ Security\ and\ Information\ Security\ Stormcast updated=1568944803
http://hackerpublicradio.org/hpr_total_ogg_rss.php title=Hacker\ Public\ Radio updated=1568934000
http://podcast.securityweekly.com/rss title=Paul\'s\ Security\ Weekly updated=1569052800
http://downloads.bbc.co.uk/podcasts/radio4/iot/rss.xml title=In\ Our\ Time updated=1568880900
http://www.smashingsecurity.com/rss title=Smashing\ Security updated=1568847600
https://risky.biz/feeds/risky-business title=Risky\ Business updated=1568761200
http://feeds.twit.tv/floss.xml title=FLOSS\ Weekly\ (MP3) updated=1568815886
https://feeds.megaphone.fm/darknetdiaries title=Darknet\ Diaries updated=1568700000
https://latenightlinux.com/feed/ogg title=Late\ Night\ Linux\ (Ogg) updated=1568511227
http://podcast.seti.org/index.xml title=Big\ Picture\ Science updated=1568642454
http://www.econlib.org/library/EconTalk.xml title=EconTalk updated=1568611800
http://opensourcesecuritypodcast.libsyn.com/rss title=Open\ Source\ Security\ Podcast updated=1568588400
https://distrowatch.com/news/oggcast.xml title=Distrowatch\ Weekly\ Podcast updated=1568564100
http://www.indiegamepod.com/?feed=rss2 title=Experimental\ Game\ Dev\ Podcast\ Show updated=1567366659
http://linuxactionnews.com/rss title=Linux\ Action\ News updated=1568572200
http://feeds.soundcloud.com/users/2427644-uclsound/tracks title=UCL\ Minds updated=1568739322
https://malicious.life/feed/podcast/ title=Malicious\ Life updated=1568269380
http://www.john00fleming.co.uk/mixes/podcasts/Nov08/podcast.xml title=Global\ Trance\ Grooves\ -\ John\ 00\ Fleming updated=1568142000
http://www.lse.ac.uk/resources/podcasts/rss/publicLecturesAndEvents.rss title=LSE:\ Public\ lectures\ and\ events updated=1568827800
http://chinahistorypodcast.com/feed title=Teacup\ Media updated=1568005384
http://www.psychologyofgames.com/feed/ title=The\ Psychology\ of\ Video\ Games updated=1567863826
http://radio.kingdomofloathing.com/podcast.php title=The\ Kingdom\ of\ Loathing\ Podcast updated=1564642800
http://www.sfbrp.com/?feed=podcast title=Science\ Fiction\ Book\ Review\ Podcast\ &#187;\ Podcast\ Feed updated=1568788380
http://www.bath.ac.uk/podcast/public-lectures-podcast.xml title=Public\ lecture\ podcasts updated=1561643887
https://defensivesecurity.org/feed/podcast/ title=Defensive\ Security\ Podcast\ -\ Malware,\ Hacking,\ Cyber\ Security\ &amp;\ Infosec updated=1560622670
https://dchhaddendum.libsyn.com/rss title=Dan\ Carlin\'s\ Hardcore\ History:\ Addendum updated=1559875917
https://www.timeforcakesandale.com/feed/ title=Time\ for\ Cakes\ and\ Ale updated=1559845519
http://www.ultimathule.info/xml/Ultima_Thule_Ambient_Music_Radio.xml title=Ultima\ Thule\ Ambient\ Music updated=1559517120
http://www.roguelikeradio.com/feeds/posts/default?alt=rss title=Roguelike\ Radio updated=1567280700
https://manifest.fm/rss title=The\ Manifest updated=1551060000
https://feeds.feedburner.com/dancarlin/history?format=xml title=Dan\ Carlin\'s\ Hardcore\ History updated=1547287664
http://feeds.feedburner.com/lostdecadegames/lostcast title=Lostcast updated=1543363200
https://feeds.feedburner.com/dancarlin/commonsense?format=xml title=Common\ Sense\ with\ Dan\ Carlin updated=1527267206
http://feeds.feedburner.com/BritishLibraryPodcasts title=British\ Library\ podcasts\ \ -\ The\ British\ Library updated=0
https://wowsignal.libsyn.com/rss title=The\ Wow!\ Signal\ Podcast updated=1550549626
https://www.universetoday.com/feed/wshvideo/ title=Weekly\ Space\ Hangout\ Video updated=1568832070
http://astro365.libsyn.com/rss title=The\ 365\ Days\ of\ Astronomy,\ the\ daily\ podcast\ of\ the\ International\ Year\ of\ Astronomy\ 2009 updated=1569146400
https://www.bitchute.com/feeds/rss/channel//hexdsl/ title=HexDSL\  updated=1568953735
https://www.bitchute.com/feeds/rss/channel//IsaacArthur/ title=Isaac\ Arthur updated=1568899724
https://unit42.libsyn.com/rss title=Don\'t\ Panic:\ The\ Unit\ 42\ Podcast updated=1559012400
